> Task :clean

> Task :compileJava
.\gradlew.bat : E:\code_base\GitMilkMan\MilkMan\src\main\java\com\app\milkma
n\model\SubscribeResponse.java:6: warning: Generating equals/hashCode 
implementation but without a call to superclass, even though this class 
does not extend java.lang.Object. If this is intentional, add 
'@EqualsAndHashCode(callSuper=false)' to your type.
At line:1 char:55
+ ... lkMan\MilkMan'; .\gradlew.bat clean test --console=plain 2>&1 | Tee-O 
...
+                     ~~~~~~~~~~~~~~~~~~~~~~~~~~~~~~~~~~~~~~~~~~~~~
    + CategoryInfo          : NotSpecified: (E:\code_base\Gi...' to your ty 
   pe.:String) [], RemoteException
    + FullyQualifiedErrorId : NativeCommandError
 
@Data
^
E:\code_base\GitMilkMan\MilkMan\src\main\java\com\app\milkman\model\Customer
RegResponse.java:6: warning: Generating equals/hashCode implementation but 
without a call to superclass, even though this class does not extend 
java.lang.Object. If this is intentional, add 
'@EqualsAndHashCode(callSuper=false)' to your type.
@Data
^
E:\code_base\GitMilkMan\MilkMan\src\main\java\com\app\milkman\model\Customer
AuthResponse.java:6: warning: Generating equals/hashCode implementation but 
without a call to superclass, even though this class does not extend 
java.lang.Object. If this is intentional, add 
'@EqualsAndHashCode(callSuper=false)' to your type.
@Data
^
E:\code_base\GitMilkMan\MilkMan\src\main\java\com\app\milkman\model\OrderReg
Response.java:6: warning: Generating equals/hashCode implementation but 
without a call to superclass, even though this class does not extend 
java.lang.Object. If this is intentional, add 
'@EqualsAndHashCode(callSuper=false)' to your type.
@Data
^
E:\code_base\GitMilkMan\MilkMan\src\main\java\com\app\milkman\model\ProductR
egResponse.java:6: warning: Generating equals/hashCode implementation but 
without a call to superclass, even though this class does not extend 
java.lang.Object. If this is intentional, add 
'@EqualsAndHashCode(callSuper=false)' to your type.
@Data
^
5 warnings

> Task :processResources
> Task :classes
> Task :compileTestJava
> Task :processTestResources
> Task :testClasses
